[2021-03-08T18:11:57.619+0800][0.012s] Using G1
[2021-03-08T18:11:57.751+0800][0.143s] Version: 15.0.2+7-27 (release)
[2021-03-08T18:11:57.751+0800][0.143s] CPUs: 12 total, 12 available
[2021-03-08T18:11:57.751+0800][0.143s] Memory: 16335M
[2021-03-08T18:11:57.751+0800][0.144s] Large Page Support: Disabled
[2021-03-08T18:11:57.751+0800][0.144s] NUMA Support: Disabled
[2021-03-08T18:11:57.751+0800][0.144s] Compressed Oops: Enabled (32-bit)
[2021-03-08T18:11:57.751+0800][0.144s] Heap Region Size: 1M
[2021-03-08T18:11:57.751+0800][0.144s] Heap Min Capacity: 512M
[2021-03-08T18:11:57.751+0800][0.144s] Heap Initial Capacity: 512M
[2021-03-08T18:11:57.751+0800][0.144s] Heap Max Capacity: 512M
[2021-03-08T18:11:57.751+0800][0.144s] Pre-touch: Enabled
[2021-03-08T18:11:57.761+0800][0.154s] Parallel Workers: 10
[2021-03-08T18:11:57.761+0800][0.154s] Concurrent Workers: 3
[2021-03-08T18:11:57.761+0800][0.154s] Concurrent Refinement Workers: 10
[2021-03-08T18:11:57.761+0800][0.154s] Periodic GC: Disabled
[2021-03-08T18:11:57.762+0800][0.155s] CDS archive(s) mapped at: [0x0000000800000000-0x0000000800b50000-0x0000000800b50000), size 11862016, SharedBaseAddress: 0x0000000800000000, ArchiveRelocationMode: 0.
[2021-03-08T18:11:57.762+0800][0.155s] Compressed class space mapped at: 0x0000000800b50000-0x0000000840b50000, size: 1073741824
[2021-03-08T18:11:57.762+0800][0.155s] Narrow klass base: 0x0000000800000000, Narrow klass shift: 3, Narrow klass range: 0x100000000
[2021-03-08T18:11:58.300+0800][0.693s] GC(0) Pause Young (Normal) (G1 Evacuation Pause)
[2021-03-08T18:11:58.300+0800][0.693s] GC(0) Using 10 workers of 10 for evacuation
[2021-03-08T18:11:58.304+0800][0.697s] GC(0)   Pre Evacuate Collection Set: 0.1ms
[2021-03-08T18:11:58.304+0800][0.697s] GC(0)   Merge Heap Roots: 0.1ms
[2021-03-08T18:11:58.304+0800][0.697s] GC(0)   Evacuate Collection Set: 2.8ms
[2021-03-08T18:11:58.304+0800][0.697s] GC(0)   Post Evacuate Collection Set: 0.5ms
[2021-03-08T18:11:58.304+0800][0.697s] GC(0)   Other: 0.7ms
[2021-03-08T18:11:58.304+0800][0.697s] GC(0) Eden regions: 29->0(42)
[2021-03-08T18:11:58.304+0800][0.697s] GC(0) Survivor regions: 0->4(4)
[2021-03-08T18:11:58.304+0800][0.697s] GC(0) Old regions: 0->0
[2021-03-08T18:11:58.304+0800][0.697s] GC(0) Archive regions: 0->0
[2021-03-08T18:11:58.304+0800][0.697s] GC(0) Humongous regions: 0->0
[2021-03-08T18:11:58.304+0800][0.697s] GC(0) Metaspace: 6795K(7808K)->6795K(7808K) NonClass: 6017K(6912K)->6017K(6912K) Class: 777K(896K)->777K(896K)
[2021-03-08T18:11:58.304+0800][0.697s] GC(0) Pause Young (Normal) (G1 Evacuation Pause) 29M->3M(512M) 4.357ms
[2021-03-08T18:11:58.304+0800][0.697s] GC(0) User=0.16s Sys=0.00s Real=0.00s
[2021-03-08T18:11:58.729+0800][1.121s] GC(1) Pause Young (Normal) (G1 Evacuation Pause)
[2021-03-08T18:11:58.729+0800][1.121s] GC(1) Using 10 workers of 10 for evacuation
[2021-03-08T18:11:58.736+0800][1.129s] GC(1)   Pre Evacuate Collection Set: 0.1ms
[2021-03-08T18:11:58.737+0800][1.129s] GC(1)   Merge Heap Roots: 0.1ms
[2021-03-08T18:11:58.737+0800][1.129s] GC(1)   Evacuate Collection Set: 7.2ms
[2021-03-08T18:11:58.737+0800][1.129s] GC(1)   Post Evacuate Collection Set: 0.6ms
[2021-03-08T18:11:58.737+0800][1.129s] GC(1)   Other: 0.1ms
[2021-03-08T18:11:58.737+0800][1.129s] GC(1) Eden regions: 42->0(301)
[2021-03-08T18:11:58.737+0800][1.129s] GC(1) Survivor regions: 4->6(6)
[2021-03-08T18:11:58.737+0800][1.129s] GC(1) Old regions: 0->7
[2021-03-08T18:11:58.737+0800][1.129s] GC(1) Archive regions: 0->0
[2021-03-08T18:11:58.737+0800][1.129s] GC(1) Humongous regions: 4->4
[2021-03-08T18:11:58.737+0800][1.129s] GC(1) Metaspace: 14484K(14848K)->14484K(14848K) NonClass: 12826K(13056K)->12826K(13056K) Class: 1657K(1792K)->1657K(1792K)
[2021-03-08T18:11:58.737+0800][1.129s] GC(1) Pause Young (Normal) (G1 Evacuation Pause) 49M->16M(512M) 8.153ms
[2021-03-08T18:11:58.737+0800][1.129s] GC(1) User=0.00s Sys=0.00s Real=0.01s
[2021-03-08T18:11:59.515+0800][1.907s] GC(2) Pause Young (Concurrent Start) (Metadata GC Threshold)
[2021-03-08T18:11:59.515+0800][1.907s] GC(2) Using 10 workers of 10 for evacuation
[2021-03-08T18:11:59.522+0800][1.914s] GC(2)   Pre Evacuate Collection Set: 0.1ms
[2021-03-08T18:11:59.522+0800][1.914s] GC(2)   Merge Heap Roots: 0.0ms
[2021-03-08T18:11:59.522+0800][1.914s] GC(2)   Evacuate Collection Set: 5.8ms
[2021-03-08T18:11:59.522+0800][1.914s] GC(2)   Post Evacuate Collection Set: 0.7ms
[2021-03-08T18:11:59.522+0800][1.914s] GC(2)   Other: 0.3ms
[2021-03-08T18:11:59.522+0800][1.914s] GC(2) Eden regions: 57->0(286)
[2021-03-08T18:11:59.522+0800][1.914s] GC(2) Survivor regions: 6->14(39)
[2021-03-08T18:11:59.522+0800][1.914s] GC(2) Old regions: 7->7
[2021-03-08T18:11:59.522+0800][1.914s] GC(2) Archive regions: 0->0
[2021-03-08T18:11:59.522+0800][1.914s] GC(2) Humongous regions: 4->4
[2021-03-08T18:11:59.522+0800][1.914s] GC(2) Metaspace: 20893K(21296K)->20893K(21296K) NonClass: 18594K(18864K)->18594K(18864K) Class: 2298K(2432K)->2298K(2432K)
[2021-03-08T18:11:59.522+0800][1.914s] GC(2) Pause Young (Concurrent Start) (Metadata GC Threshold) 73M->23M(512M) 7.122ms
[2021-03-08T18:11:59.522+0800][1.914s] GC(2) User=0.02s Sys=0.00s Real=0.01s
[2021-03-08T18:11:59.522+0800][1.915s] GC(3) Concurrent Cycle
[2021-03-08T18:11:59.522+0800][1.915s] GC(3) Concurrent Clear Claimed Marks
[2021-03-08T18:11:59.522+0800][1.915s] GC(3) Concurrent Clear Claimed Marks 0.023ms
[2021-03-08T18:11:59.522+0800][1.915s] GC(3) Concurrent Scan Root Regions
[2021-03-08T18:11:59.525+0800][1.917s] GC(3) Concurrent Scan Root Regions 2.692ms
[2021-03-08T18:11:59.525+0800][1.917s] GC(3) Concurrent Mark (1.917s)
[2021-03-08T18:11:59.525+0800][1.917s] GC(3) Concurrent Mark From Roots
[2021-03-08T18:11:59.525+0800][1.917s] GC(3) Using 3 workers of 3 for marking
[2021-03-08T18:11:59.528+0800][1.921s] GC(3) Concurrent Mark From Roots 3.749ms
[2021-03-08T18:11:59.528+0800][1.921s] GC(3) Concurrent Preclean
[2021-03-08T18:11:59.528+0800][1.921s] GC(3) Concurrent Preclean 0.068ms
[2021-03-08T18:11:59.529+0800][1.921s] GC(3) Concurrent Mark (1.917s, 1.921s) 3.901ms
[2021-03-08T18:11:59.529+0800][1.921s] GC(3) Pause Remark
[2021-03-08T18:11:59.530+0800][1.922s] GC(3) Pause Remark 25M->25M(512M) 1.008ms
[2021-03-08T18:11:59.530+0800][1.922s] GC(3) User=0.00s Sys=0.00s Real=0.00s
[2021-03-08T18:11:59.530+0800][1.922s] GC(3) Concurrent Rebuild Remembered Sets
[2021-03-08T18:11:59.533+0800][1.925s] GC(3) Concurrent Rebuild Remembered Sets 2.961ms
[2021-03-08T18:11:59.533+0800][1.926s] GC(3) Pause Cleanup
[2021-03-08T18:11:59.533+0800][1.926s] GC(3) Pause Cleanup 25M->25M(512M) 0.117ms
[2021-03-08T18:11:59.533+0800][1.926s] GC(3) User=0.00s Sys=0.00s Real=0.00s
[2021-03-08T18:11:59.533+0800][1.926s] GC(3) Concurrent Cleanup for Next Mark
[2021-03-08T18:11:59.534+0800][1.927s] GC(3) Concurrent Cleanup for Next Mark 0.920ms
[2021-03-08T18:11:59.534+0800][1.927s] GC(3) Concurrent Cycle 12.303ms
[2021-03-08T18:12:00.592+0800][2.985s] GC(4) Pause Young (Concurrent Start) (Metadata GC Threshold)
[2021-03-08T18:12:00.592+0800][2.985s] GC(4) Using 10 workers of 10 for evacuation
[2021-03-08T18:12:00.602+0800][2.995s] GC(4)   Pre Evacuate Collection Set: 0.2ms
[2021-03-08T18:12:00.602+0800][2.995s] GC(4)   Merge Heap Roots: 0.1ms
[2021-03-08T18:12:00.602+0800][2.995s] GC(4)   Evacuate Collection Set: 8.9ms
[2021-03-08T18:12:00.602+0800][2.995s] GC(4)   Post Evacuate Collection Set: 0.8ms
[2021-03-08T18:12:00.602+0800][2.995s] GC(4)   Other: 0.2ms
[2021-03-08T18:12:00.602+0800][2.995s] GC(4) Eden regions: 111->0(287)
[2021-03-08T18:12:00.602+0800][2.995s] GC(4) Survivor regions: 14->20(39)
[2021-03-08T18:12:00.602+0800][2.995s] GC(4) Old regions: 7->7
[2021-03-08T18:12:00.602+0800][2.995s] GC(4) Archive regions: 0->0
[2021-03-08T18:12:00.603+0800][2.995s] GC(4) Humongous regions: 5->4
[2021-03-08T18:12:00.603+0800][2.995s] GC(4) Metaspace: 35429K(35888K)->35429K(35888K) NonClass: 31402K(31664K)->31402K(31664K) Class: 4026K(4224K)->4026K(4224K)
[2021-03-08T18:12:00.603+0800][2.995s] GC(4) Pause Young (Concurrent Start) (Metadata GC Threshold) 135M->29M(512M) 10.299ms
[2021-03-08T18:12:00.603+0800][2.995s] GC(4) User=0.03s Sys=0.02s Real=0.01s
[2021-03-08T18:12:00.603+0800][2.995s] GC(5) Concurrent Cycle
[2021-03-08T18:12:00.603+0800][2.995s] GC(5) Concurrent Clear Claimed Marks
[2021-03-08T18:12:00.603+0800][2.995s] GC(5) Concurrent Clear Claimed Marks 0.025ms
[2021-03-08T18:12:00.603+0800][2.995s] GC(5) Concurrent Scan Root Regions
[2021-03-08T18:12:00.607+0800][2.999s] GC(5) Concurrent Scan Root Regions 3.783ms
[2021-03-08T18:12:00.607+0800][2.999s] GC(5) Concurrent Mark (2.999s)
[2021-03-08T18:12:00.607+0800][2.999s] GC(5) Concurrent Mark From Roots
[2021-03-08T18:12:00.607+0800][2.999s] GC(5) Using 3 workers of 3 for marking
[2021-03-08T18:12:00.611+0800][3.004s] GC(5) Concurrent Mark From Roots 4.391ms
[2021-03-08T18:12:00.611+0800][3.004s] GC(5) Concurrent Preclean
[2021-03-08T18:12:00.611+0800][3.004s] GC(5) Concurrent Preclean 0.078ms
[2021-03-08T18:12:00.611+0800][3.004s] GC(5) Concurrent Mark (2.999s, 3.004s) 4.549ms
[2021-03-08T18:12:00.611+0800][3.004s] GC(5) Pause Remark
[2021-03-08T18:12:00.613+0800][3.005s] GC(5) Pause Remark 30M->30M(512M) 1.421ms
[2021-03-08T18:12:00.613+0800][3.006s] GC(5) User=0.00s Sys=0.00s Real=0.00s
[2021-03-08T18:12:00.613+0800][3.006s] GC(5) Concurrent Rebuild Remembered Sets
[2021-03-08T18:12:00.616+0800][3.008s] GC(5) Concurrent Rebuild Remembered Sets 2.797ms
[2021-03-08T18:12:00.616+0800][3.009s] GC(5) Pause Cleanup
[2021-03-08T18:12:00.616+0800][3.009s] GC(5) Pause Cleanup 30M->30M(512M) 0.112ms
[2021-03-08T18:12:00.616+0800][3.009s] GC(5) User=0.00s Sys=0.00s Real=0.00s
[2021-03-08T18:12:00.616+0800][3.009s] GC(5) Concurrent Cleanup for Next Mark
[2021-03-08T18:12:00.617+0800][3.010s] GC(5) Concurrent Cleanup for Next Mark 1.304ms
[2021-03-08T18:12:00.618+0800][3.010s] GC(5) Concurrent Cycle 14.890ms
[2021-03-08T21:16:43.564+0800][11085.957s] GC(6) Pause Young (Normal) (G1 Evacuation Pause)
[2021-03-08T21:16:43.564+0800][11085.957s] GC(6) Using 10 workers of 10 for evacuation
[2021-03-08T21:16:43.585+0800][11085.978s] GC(6)   Pre Evacuate Collection Set: 0.1ms
[2021-03-08T21:16:43.585+0800][11085.978s] GC(6)   Merge Heap Roots: 0.1ms
[2021-03-08T21:16:43.585+0800][11085.978s] GC(6)   Evacuate Collection Set: 18.8ms
[2021-03-08T21:16:43.585+0800][11085.978s] GC(6)   Post Evacuate Collection Set: 2.2ms
[2021-03-08T21:16:43.585+0800][11085.979s] GC(6)   Other: 0.3ms
[2021-03-08T21:16:43.585+0800][11085.979s] GC(6) Eden regions: 287->0(276)
[2021-03-08T21:16:43.585+0800][11085.979s] GC(6) Survivor regions: 20->31(39)
[2021-03-08T21:16:43.585+0800][11085.979s] GC(6) Old regions: 7->7
[2021-03-08T21:16:43.585+0800][11085.979s] GC(6) Archive regions: 0->0
[2021-03-08T21:16:43.585+0800][11085.979s] GC(6) Humongous regions: 7->7
[2021-03-08T21:16:43.585+0800][11085.979s] GC(6) Metaspace: 51827K(52656K)->51827K(52656K) NonClass: 45920K(46512K)->45920K(46512K) Class: 5906K(6144K)->5906K(6144K)
[2021-03-08T21:16:43.585+0800][11085.979s] GC(6) Pause Young (Normal) (G1 Evacuation Pause) 319M->44M(512M) 21.650ms
[2021-03-08T21:16:43.586+0800][11085.979s] GC(6) User=0.11s Sys=0.09s Real=0.02s
[2021-03-08T21:27:56.707+0800][11759.100s] GC(7) Pause Young (Normal) (G1 Evacuation Pause)
[2021-03-08T21:27:56.707+0800][11759.100s] GC(7) Using 10 workers of 10 for evacuation
[2021-03-08T21:27:56.727+0800][11759.120s] GC(7)   Pre Evacuate Collection Set: 0.1ms
[2021-03-08T21:27:56.727+0800][11759.120s] GC(7)   Merge Heap Roots: 0.1ms
[2021-03-08T21:27:56.727+0800][11759.120s] GC(7)   Evacuate Collection Set: 14.8ms
[2021-03-08T21:27:56.727+0800][11759.120s] GC(7)   Post Evacuate Collection Set: 5.0ms
[2021-03-08T21:27:56.727+0800][11759.120s] GC(7)   Other: 0.2ms
[2021-03-08T21:27:56.727+0800][11759.120s] GC(7) Eden regions: 276->0(281)
[2021-03-08T21:27:56.727+0800][11759.120s] GC(7) Survivor regions: 31->26(39)
[2021-03-08T21:27:56.727+0800][11759.120s] GC(7) Old regions: 7->19
[2021-03-08T21:27:56.727+0800][11759.120s] GC(7) Archive regions: 0->0
[2021-03-08T21:27:56.727+0800][11759.120s] GC(7) Humongous regions: 7->7
[2021-03-08T21:27:56.728+0800][11759.120s] GC(7) Metaspace: 52929K(53680K)->52929K(53680K) NonClass: 46988K(47536K)->46988K(47536K) Class: 5941K(6144K)->5941K(6144K)
[2021-03-08T21:27:56.728+0800][11759.120s] GC(7) Pause Young (Normal) (G1 Evacuation Pause) 320M->51M(512M) 20.374ms
[2021-03-08T21:27:56.728+0800][11759.120s] GC(7) User=0.28s Sys=0.03s Real=0.02s
