[2021-03-08T17:54:19.798+0800][0.012s] Using G1
[2021-03-08T17:54:19.939+0800][0.153s] Version: 15.0.2+7-27 (release)
[2021-03-08T17:54:19.939+0800][0.153s] CPUs: 12 total, 12 available
[2021-03-08T17:54:19.939+0800][0.153s] Memory: 16335M
[2021-03-08T17:54:19.939+0800][0.153s] Large Page Support: Disabled
[2021-03-08T17:54:19.939+0800][0.153s] NUMA Support: Disabled
[2021-03-08T17:54:19.939+0800][0.153s] Compressed Oops: Enabled (32-bit)
[2021-03-08T17:54:19.939+0800][0.153s] Heap Region Size: 1M
[2021-03-08T17:54:19.939+0800][0.153s] Heap Min Capacity: 512M
[2021-03-08T17:54:19.939+0800][0.153s] Heap Initial Capacity: 512M
[2021-03-08T17:54:19.939+0800][0.153s] Heap Max Capacity: 512M
[2021-03-08T17:54:19.939+0800][0.153s] Pre-touch: Enabled
[2021-03-08T17:54:19.939+0800][0.153s] Parallel Workers: 10
[2021-03-08T17:54:19.939+0800][0.153s] Concurrent Workers: 3
[2021-03-08T17:54:19.939+0800][0.153s] Concurrent Refinement Workers: 10
[2021-03-08T17:54:19.939+0800][0.153s] Periodic GC: Disabled
[2021-03-08T17:54:19.940+0800][0.154s] CDS archive(s) mapped at: [0x0000000800000000-0x0000000800b50000-0x0000000800b50000), size 11862016, SharedBaseAddress: 0x0000000800000000, ArchiveRelocationMode: 0.
[2021-03-08T17:54:19.940+0800][0.154s] Compressed class space mapped at: 0x0000000800b50000-0x0000000840b50000, size: 1073741824
[2021-03-08T17:54:19.940+0800][0.154s] Narrow klass base: 0x0000000800000000, Narrow klass shift: 3, Narrow klass range: 0x100000000
[2021-03-08T17:54:20.568+0800][0.782s] GC(0) Pause Young (Normal) (G1 Evacuation Pause)
[2021-03-08T17:54:20.568+0800][0.782s] GC(0) Using 10 workers of 10 for evacuation
[2021-03-08T17:54:20.572+0800][0.786s] GC(0)   Pre Evacuate Collection Set: 0.1ms
[2021-03-08T17:54:20.572+0800][0.786s] GC(0)   Merge Heap Roots: 0.1ms
[2021-03-08T17:54:20.572+0800][0.786s] GC(0)   Evacuate Collection Set: 3.2ms
[2021-03-08T17:54:20.572+0800][0.786s] GC(0)   Post Evacuate Collection Set: 0.5ms
[2021-03-08T17:54:20.572+0800][0.786s] GC(0)   Other: 0.7ms
[2021-03-08T17:54:20.572+0800][0.786s] GC(0) Eden regions: 29->0(42)
[2021-03-08T17:54:20.572+0800][0.786s] GC(0) Survivor regions: 0->4(4)
[2021-03-08T17:54:20.573+0800][0.786s] GC(0) Old regions: 0->0
[2021-03-08T17:54:20.573+0800][0.786s] GC(0) Archive regions: 0->0
[2021-03-08T17:54:20.573+0800][0.786s] GC(0) Humongous regions: 0->0
[2021-03-08T17:54:20.573+0800][0.787s] GC(0) Metaspace: 6796K(7808K)->6796K(7808K) NonClass: 6018K(6912K)->6018K(6912K) Class: 777K(896K)->777K(896K)
[2021-03-08T17:54:20.573+0800][0.787s] GC(0) Pause Young (Normal) (G1 Evacuation Pause) 29M->3M(512M) 4.665ms
[2021-03-08T17:54:20.573+0800][0.787s] GC(0) User=0.02s Sys=0.02s Real=0.00s
[2021-03-08T17:54:21.046+0800][1.259s] GC(1) Pause Young (Normal) (G1 Evacuation Pause)
[2021-03-08T17:54:21.046+0800][1.260s] GC(1) Using 10 workers of 10 for evacuation
[2021-03-08T17:54:21.056+0800][1.270s] GC(1)   Pre Evacuate Collection Set: 0.1ms
[2021-03-08T17:54:21.056+0800][1.270s] GC(1)   Merge Heap Roots: 0.0ms
[2021-03-08T17:54:21.056+0800][1.270s] GC(1)   Evacuate Collection Set: 8.9ms
[2021-03-08T17:54:21.056+0800][1.270s] GC(1)   Post Evacuate Collection Set: 0.9ms
[2021-03-08T17:54:21.056+0800][1.270s] GC(1)   Other: 0.3ms
[2021-03-08T17:54:21.056+0800][1.270s] GC(1) Eden regions: 42->0(301)
[2021-03-08T17:54:21.056+0800][1.270s] GC(1) Survivor regions: 4->6(6)
[2021-03-08T17:54:21.056+0800][1.270s] GC(1) Old regions: 0->7
[2021-03-08T17:54:21.056+0800][1.270s] GC(1) Archive regions: 0->0
[2021-03-08T17:54:21.056+0800][1.270s] GC(1) Humongous regions: 4->4
[2021-03-08T17:54:21.056+0800][1.270s] GC(1) Metaspace: 14459K(14848K)->14459K(14848K) NonClass: 12804K(13056K)->12804K(13056K) Class: 1654K(1792K)->1654K(1792K)
[2021-03-08T17:54:21.056+0800][1.270s] GC(1) Pause Young (Normal) (G1 Evacuation Pause) 49M->16M(512M) 10.408ms
[2021-03-08T17:54:21.056+0800][1.270s] GC(1) User=0.17s Sys=0.00s Real=0.01s
[2021-03-08T17:54:21.904+0800][2.118s] GC(2) Pause Young (Concurrent Start) (Metadata GC Threshold)
[2021-03-08T17:54:21.904+0800][2.118s] GC(2) Using 10 workers of 10 for evacuation
[2021-03-08T17:54:21.912+0800][2.126s] GC(2)   Pre Evacuate Collection Set: 0.1ms
[2021-03-08T17:54:21.912+0800][2.126s] GC(2)   Merge Heap Roots: 0.1ms
[2021-03-08T17:54:21.912+0800][2.126s] GC(2)   Evacuate Collection Set: 7.0ms
[2021-03-08T17:54:21.912+0800][2.126s] GC(2)   Post Evacuate Collection Set: 0.7ms
[2021-03-08T17:54:21.912+0800][2.126s] GC(2)   Other: 0.3ms
[2021-03-08T17:54:21.912+0800][2.126s] GC(2) Eden regions: 57->0(293)
[2021-03-08T17:54:21.912+0800][2.126s] GC(2) Survivor regions: 6->14(39)
[2021-03-08T17:54:21.912+0800][2.126s] GC(2) Old regions: 7->7
[2021-03-08T17:54:21.912+0800][2.126s] GC(2) Archive regions: 0->0
[2021-03-08T17:54:21.912+0800][2.126s] GC(2) Humongous regions: 4->4
[2021-03-08T17:54:21.912+0800][2.126s] GC(2) Metaspace: 20888K(21296K)->20888K(21296K) NonClass: 18590K(18864K)->18590K(18864K) Class: 2298K(2432K)->2298K(2432K)
[2021-03-08T17:54:21.912+0800][2.126s] GC(2) Pause Young (Concurrent Start) (Metadata GC Threshold) 73M->23M(512M) 8.290ms
[2021-03-08T17:54:21.912+0800][2.126s] GC(2) User=0.16s Sys=0.00s Real=0.01s
[2021-03-08T17:54:21.912+0800][2.126s] GC(3) Concurrent Cycle
[2021-03-08T17:54:21.912+0800][2.126s] GC(3) Concurrent Clear Claimed Marks
[2021-03-08T17:54:21.912+0800][2.126s] GC(3) Concurrent Clear Claimed Marks 0.023ms
[2021-03-08T17:54:21.912+0800][2.126s] GC(3) Concurrent Scan Root Regions
[2021-03-08T17:54:21.915+0800][2.129s] GC(3) Concurrent Scan Root Regions 2.903ms
[2021-03-08T17:54:21.915+0800][2.129s] GC(3) Concurrent Mark (2.129s)
[2021-03-08T17:54:21.915+0800][2.129s] GC(3) Concurrent Mark From Roots
[2021-03-08T17:54:21.915+0800][2.129s] GC(3) Using 3 workers of 3 for marking
[2021-03-08T17:54:21.920+0800][2.134s] GC(3) Concurrent Mark From Roots 5.040ms
[2021-03-08T17:54:21.920+0800][2.134s] GC(3) Concurrent Preclean
[2021-03-08T17:54:21.920+0800][2.134s] GC(3) Concurrent Preclean 0.077ms
[2021-03-08T17:54:21.920+0800][2.134s] GC(3) Concurrent Mark (2.129s, 2.134s) 5.191ms
[2021-03-08T17:54:21.920+0800][2.134s] GC(3) Pause Remark
[2021-03-08T17:54:21.922+0800][2.136s] GC(3) Pause Remark 24M->24M(512M) 1.086ms
[2021-03-08T17:54:21.922+0800][2.136s] GC(3) User=0.00s Sys=0.00s Real=0.00s
[2021-03-08T17:54:21.922+0800][2.136s] GC(3) Concurrent Rebuild Remembered Sets
[2021-03-08T17:54:21.925+0800][2.139s] GC(3) Concurrent Rebuild Remembered Sets 3.173ms
[2021-03-08T17:54:21.925+0800][2.139s] GC(3) Pause Cleanup
[2021-03-08T17:54:21.925+0800][2.139s] GC(3) Pause Cleanup 25M->25M(512M) 0.096ms
[2021-03-08T17:54:21.925+0800][2.139s] GC(3) User=0.00s Sys=0.00s Real=0.00s
[2021-03-08T17:54:21.925+0800][2.139s] GC(3) Concurrent Cleanup for Next Mark
[2021-03-08T17:54:21.926+0800][2.140s] GC(3) Concurrent Cleanup for Next Mark 0.873ms
[2021-03-08T17:54:21.926+0800][2.140s] GC(3) Concurrent Cycle 14.146ms
[2021-03-08T17:55:27.794+0800][68.008s] GC(4) Pause Young (Concurrent Start) (Metadata GC Threshold)
[2021-03-08T17:55:27.794+0800][68.008s] GC(4) Using 10 workers of 10 for evacuation
[2021-03-08T17:55:27.805+0800][68.019s] GC(4)   Pre Evacuate Collection Set: 0.1ms
[2021-03-08T17:55:27.805+0800][68.019s] GC(4)   Merge Heap Roots: 0.1ms
[2021-03-08T17:55:27.805+0800][68.019s] GC(4)   Evacuate Collection Set: 9.7ms
[2021-03-08T17:55:27.805+0800][68.019s] GC(4)   Post Evacuate Collection Set: 1.2ms
[2021-03-08T17:55:27.805+0800][68.019s] GC(4)   Other: 0.2ms
[2021-03-08T17:55:27.805+0800][68.019s] GC(4) Eden regions: 91->0(287)
[2021-03-08T17:55:27.805+0800][68.019s] GC(4) Survivor regions: 14->20(39)
[2021-03-08T17:55:27.805+0800][68.019s] GC(4) Old regions: 7->7
[2021-03-08T17:55:27.805+0800][68.019s] GC(4) Archive regions: 0->0
[2021-03-08T17:55:27.805+0800][68.019s] GC(4) Humongous regions: 4->4
[2021-03-08T17:55:27.805+0800][68.019s] GC(4) Metaspace: 35394K(35888K)->35394K(35888K) NonClass: 31421K(31664K)->31421K(31664K) Class: 3973K(4224K)->3973K(4224K)
[2021-03-08T17:55:27.805+0800][68.019s] GC(4) Pause Young (Concurrent Start) (Metadata GC Threshold) 114M->29M(512M) 11.623ms
[2021-03-08T17:55:27.806+0800][68.019s] GC(4) User=0.14s Sys=0.00s Real=0.01s
[2021-03-08T17:55:27.806+0800][68.020s] GC(5) Concurrent Cycle
[2021-03-08T17:55:27.806+0800][68.020s] GC(5) Concurrent Clear Claimed Marks
[2021-03-08T17:55:27.806+0800][68.020s] GC(5) Concurrent Clear Claimed Marks 0.030ms
[2021-03-08T17:55:27.806+0800][68.020s] GC(5) Concurrent Scan Root Regions
[2021-03-08T17:55:27.809+0800][68.023s] GC(5) Concurrent Scan Root Regions 3.704ms
[2021-03-08T17:55:27.809+0800][68.023s] GC(5) Concurrent Mark (68.023s)
[2021-03-08T17:55:27.809+0800][68.023s] GC(5) Concurrent Mark From Roots
[2021-03-08T17:55:27.809+0800][68.023s] GC(5) Using 3 workers of 3 for marking
[2021-03-08T17:55:27.815+0800][68.029s] GC(5) Concurrent Mark From Roots 5.201ms
[2021-03-08T17:55:27.815+0800][68.029s] GC(5) Concurrent Preclean
[2021-03-08T17:55:27.815+0800][68.029s] GC(5) Concurrent Preclean 0.081ms
[2021-03-08T17:55:27.815+0800][68.029s] GC(5) Concurrent Mark (68.023s, 68.029s) 5.369ms
[2021-03-08T17:55:27.815+0800][68.029s] GC(5) Pause Remark
[2021-03-08T17:55:27.817+0800][68.031s] GC(5) Pause Remark 31M->31M(512M) 1.712ms
[2021-03-08T17:55:27.817+0800][68.031s] GC(5) User=0.00s Sys=0.00s Real=0.00s
[2021-03-08T17:55:27.817+0800][68.031s] GC(5) Concurrent Rebuild Remembered Sets
[2021-03-08T17:55:27.820+0800][68.034s] GC(5) Concurrent Rebuild Remembered Sets 2.825ms
[2021-03-08T17:55:27.820+0800][68.034s] GC(5) Pause Cleanup
[2021-03-08T17:55:27.820+0800][68.034s] GC(5) Pause Cleanup 31M->31M(512M) 0.160ms
[2021-03-08T17:55:27.820+0800][68.034s] GC(5) User=0.00s Sys=0.00s Real=0.00s
[2021-03-08T17:55:27.820+0800][68.034s] GC(5) Concurrent Cleanup for Next Mark
[2021-03-08T17:55:27.821+0800][68.035s] GC(5) Concurrent Cleanup for Next Mark 1.100ms
[2021-03-08T17:55:27.821+0800][68.035s] GC(5) Concurrent Cycle 15.876ms
[2021-03-08T17:57:33.862+0800][194.076s] GC(6) Pause Young (Normal) (G1 Evacuation Pause)
[2021-03-08T17:57:33.863+0800][194.076s] GC(6) Using 10 workers of 10 for evacuation
[2021-03-08T17:57:33.876+0800][194.090s] GC(6)   Pre Evacuate Collection Set: 0.1ms
[2021-03-08T17:57:33.876+0800][194.090s] GC(6)   Merge Heap Roots: 0.1ms
[2021-03-08T17:57:33.876+0800][194.090s] GC(6)   Evacuate Collection Set: 12.1ms
[2021-03-08T17:57:33.876+0800][194.090s] GC(6)   Post Evacuate Collection Set: 1.3ms
[2021-03-08T17:57:33.876+0800][194.090s] GC(6)   Other: 0.3ms
[2021-03-08T17:57:33.876+0800][194.090s] GC(6) Eden regions: 287->0(276)
[2021-03-08T17:57:33.876+0800][194.090s] GC(6) Survivor regions: 20->31(39)
[2021-03-08T17:57:33.876+0800][194.090s] GC(6) Old regions: 7->7
[2021-03-08T17:57:33.876+0800][194.090s] GC(6) Archive regions: 0->0
[2021-03-08T17:57:33.876+0800][194.090s] GC(6) Humongous regions: 8->7
[2021-03-08T17:57:33.876+0800][194.090s] GC(6) Metaspace: 50352K(51248K)->50352K(51248K) NonClass: 44611K(45232K)->44611K(45232K) Class: 5741K(6016K)->5741K(6016K)
[2021-03-08T17:57:33.876+0800][194.090s] GC(6) Pause Young (Normal) (G1 Evacuation Pause) 320M->43M(512M) 13.984ms
[2021-03-08T17:57:33.876+0800][194.090s] GC(6) User=0.16s Sys=0.00s Real=0.01s
[2021-03-08T17:57:35.378+0800][195.591s] GC(7) Pause Young (Normal) (G1 Evacuation Pause)
[2021-03-08T17:57:35.378+0800][195.592s] GC(7) Using 10 workers of 10 for evacuation
[2021-03-08T17:57:35.392+0800][195.606s] GC(7)   Pre Evacuate Collection Set: 0.1ms
[2021-03-08T17:57:35.393+0800][195.606s] GC(7)   Merge Heap Roots: 0.1ms
[2021-03-08T17:57:35.393+0800][195.606s] GC(7)   Evacuate Collection Set: 12.8ms
[2021-03-08T17:57:35.393+0800][195.606s] GC(7)   Post Evacuate Collection Set: 1.3ms
[2021-03-08T17:57:35.393+0800][195.606s] GC(7)   Other: 0.2ms
[2021-03-08T17:57:35.393+0800][195.606s] GC(7) Eden regions: 276->0(281)
[2021-03-08T17:57:35.393+0800][195.606s] GC(7) Survivor regions: 31->26(39)
[2021-03-08T17:57:35.393+0800][195.606s] GC(7) Old regions: 7->19
[2021-03-08T17:57:35.393+0800][195.606s] GC(7) Archive regions: 0->0
[2021-03-08T17:57:35.393+0800][195.606s] GC(7) Humongous regions: 14->7
[2021-03-08T17:57:35.393+0800][195.606s] GC(7) Metaspace: 50683K(51504K)->50683K(51504K) NonClass: 44938K(45488K)->44938K(45488K) Class: 5744K(6016K)->5744K(6016K)
[2021-03-08T17:57:35.393+0800][195.606s] GC(7) Pause Young (Normal) (G1 Evacuation Pause) 326M->51M(512M) 14.819ms
[2021-03-08T17:57:35.393+0800][195.606s] GC(7) User=0.16s Sys=0.00s Real=0.01s
[2021-03-08T17:57:37.048+0800][197.261s] GC(8) Pause Young (Normal) (G1 Evacuation Pause)
[2021-03-08T17:57:37.048+0800][197.261s] GC(8) Using 10 workers of 10 for evacuation
[2021-03-08T17:57:37.061+0800][197.274s] GC(8)   Pre Evacuate Collection Set: 0.1ms
[2021-03-08T17:57:37.061+0800][197.274s] GC(8)   Merge Heap Roots: 0.1ms
[2021-03-08T17:57:37.061+0800][197.274s] GC(8)   Evacuate Collection Set: 11.4ms
[2021-03-08T17:57:37.061+0800][197.274s] GC(8)   Post Evacuate Collection Set: 1.4ms
[2021-03-08T17:57:37.061+0800][197.275s] GC(8)   Other: 0.2ms
[2021-03-08T17:57:37.061+0800][197.275s] GC(8) Eden regions: 281->0(285)
[2021-03-08T17:57:37.061+0800][197.275s] GC(8) Survivor regions: 26->22(39)
[2021-03-08T17:57:37.061+0800][197.275s] GC(8) Old regions: 19->26
[2021-03-08T17:57:37.061+0800][197.275s] GC(8) Archive regions: 0->0
[2021-03-08T17:57:37.061+0800][197.275s] GC(8) Humongous regions: 14->7
[2021-03-08T17:57:37.061+0800][197.275s] GC(8) Metaspace: 51714K(52400K)->51714K(52400K) NonClass: 45881K(46256K)->45881K(46256K) Class: 5833K(6144K)->5833K(6144K)
[2021-03-08T17:57:37.061+0800][197.275s] GC(8) Pause Young (Normal) (G1 Evacuation Pause) 339M->53M(512M) 13.462ms
[2021-03-08T17:57:37.061+0800][197.275s] GC(8) User=0.17s Sys=0.00s Real=0.01s
