[2021-03-08T21:44:09.155+0800][0.012s] Using G1
[2021-03-08T21:44:09.286+0800][0.143s] Version: 15.0.2+7-27 (release)
[2021-03-08T21:44:09.286+0800][0.143s] CPUs: 12 total, 12 available
[2021-03-08T21:44:09.286+0800][0.143s] Memory: 16335M
[2021-03-08T21:44:09.286+0800][0.143s] Large Page Support: Disabled
[2021-03-08T21:44:09.286+0800][0.143s] NUMA Support: Disabled
[2021-03-08T21:44:09.286+0800][0.143s] Compressed Oops: Enabled (32-bit)
[2021-03-08T21:44:09.286+0800][0.143s] Heap Region Size: 1M
[2021-03-08T21:44:09.286+0800][0.143s] Heap Min Capacity: 512M
[2021-03-08T21:44:09.286+0800][0.143s] Heap Initial Capacity: 512M
[2021-03-08T21:44:09.286+0800][0.144s] Heap Max Capacity: 512M
[2021-03-08T21:44:09.286+0800][0.144s] Pre-touch: Enabled
[2021-03-08T21:44:09.287+0800][0.144s] Parallel Workers: 10
[2021-03-08T21:44:09.287+0800][0.144s] Concurrent Workers: 3
[2021-03-08T21:44:09.287+0800][0.144s] Concurrent Refinement Workers: 10
[2021-03-08T21:44:09.287+0800][0.144s] Periodic GC: Disabled
[2021-03-08T21:44:09.288+0800][0.145s] CDS archive(s) mapped at: [0x0000000800000000-0x0000000800b50000-0x0000000800b50000), size 11862016, SharedBaseAddress: 0x0000000800000000, ArchiveRelocationMode: 0.
[2021-03-08T21:44:09.288+0800][0.145s] Compressed class space mapped at: 0x0000000800b50000-0x0000000840b50000, size: 1073741824
[2021-03-08T21:44:09.288+0800][0.145s] Narrow klass base: 0x0000000800000000, Narrow klass shift: 3, Narrow klass range: 0x100000000
[2021-03-08T21:44:09.849+0800][0.706s] GC(0) Pause Young (Normal) (G1 Evacuation Pause)
[2021-03-08T21:44:09.849+0800][0.706s] GC(0) Using 10 workers of 10 for evacuation
[2021-03-08T21:44:09.853+0800][0.710s] GC(0)   Pre Evacuate Collection Set: 0.1ms
[2021-03-08T21:44:09.853+0800][0.711s] GC(0)   Merge Heap Roots: 0.1ms
[2021-03-08T21:44:09.853+0800][0.711s] GC(0)   Evacuate Collection Set: 3.4ms
[2021-03-08T21:44:09.853+0800][0.711s] GC(0)   Post Evacuate Collection Set: 0.5ms
[2021-03-08T21:44:09.853+0800][0.711s] GC(0)   Other: 0.7ms
[2021-03-08T21:44:09.853+0800][0.711s] GC(0) Eden regions: 29->0(42)
[2021-03-08T21:44:09.853+0800][0.711s] GC(0) Survivor regions: 0->4(4)
[2021-03-08T21:44:09.853+0800][0.711s] GC(0) Old regions: 0->0
[2021-03-08T21:44:09.853+0800][0.711s] GC(0) Archive regions: 0->0
[2021-03-08T21:44:09.854+0800][0.711s] GC(0) Humongous regions: 0->0
[2021-03-08T21:44:09.854+0800][0.711s] GC(0) Metaspace: 6792K(7808K)->6792K(7808K) NonClass: 6015K(6912K)->6015K(6912K) Class: 777K(896K)->777K(896K)
[2021-03-08T21:44:09.854+0800][0.711s] GC(0) Pause Young (Normal) (G1 Evacuation Pause) 29M->3M(512M) 5.003ms
[2021-03-08T21:44:09.854+0800][0.711s] GC(0) User=0.12s Sys=0.02s Real=0.01s
[2021-03-08T21:44:10.286+0800][1.144s] GC(1) Pause Young (Normal) (G1 Evacuation Pause)
[2021-03-08T21:44:10.287+0800][1.144s] GC(1) Using 10 workers of 10 for evacuation
[2021-03-08T21:44:10.295+0800][1.153s] GC(1)   Pre Evacuate Collection Set: 0.1ms
[2021-03-08T21:44:10.295+0800][1.153s] GC(1)   Merge Heap Roots: 0.0ms
[2021-03-08T21:44:10.295+0800][1.153s] GC(1)   Evacuate Collection Set: 8.1ms
[2021-03-08T21:44:10.296+0800][1.153s] GC(1)   Post Evacuate Collection Set: 0.6ms
[2021-03-08T21:44:10.296+0800][1.153s] GC(1)   Other: 0.1ms
[2021-03-08T21:44:10.296+0800][1.153s] GC(1) Eden regions: 42->0(301)
[2021-03-08T21:44:10.296+0800][1.153s] GC(1) Survivor regions: 4->6(6)
[2021-03-08T21:44:10.296+0800][1.153s] GC(1) Old regions: 0->7
[2021-03-08T21:44:10.296+0800][1.153s] GC(1) Archive regions: 0->0
[2021-03-08T21:44:10.296+0800][1.153s] GC(1) Humongous regions: 4->4
[2021-03-08T21:44:10.296+0800][1.153s] GC(1) Metaspace: 14483K(14848K)->14483K(14848K) NonClass: 12824K(13056K)->12824K(13056K) Class: 1658K(1792K)->1658K(1792K)
[2021-03-08T21:44:10.296+0800][1.153s] GC(1) Pause Young (Normal) (G1 Evacuation Pause) 49M->16M(512M) 9.165ms
[2021-03-08T21:44:10.296+0800][1.153s] GC(1) User=0.03s Sys=0.02s Real=0.01s
[2021-03-08T21:44:11.116+0800][1.974s] GC(2) Pause Young (Concurrent Start) (Metadata GC Threshold)
[2021-03-08T21:44:11.116+0800][1.974s] GC(2) Using 10 workers of 10 for evacuation
[2021-03-08T21:44:11.125+0800][1.982s] GC(2)   Pre Evacuate Collection Set: 0.1ms
[2021-03-08T21:44:11.125+0800][1.982s] GC(2)   Merge Heap Roots: 0.1ms
[2021-03-08T21:44:11.125+0800][1.982s] GC(2)   Evacuate Collection Set: 7.3ms
[2021-03-08T21:44:11.125+0800][1.982s] GC(2)   Post Evacuate Collection Set: 1.0ms
[2021-03-08T21:44:11.125+0800][1.982s] GC(2)   Other: 0.3ms
[2021-03-08T21:44:11.125+0800][1.982s] GC(2) Eden regions: 57->0(281)
[2021-03-08T21:44:11.125+0800][1.982s] GC(2) Survivor regions: 6->14(39)
[2021-03-08T21:44:11.125+0800][1.982s] GC(2) Old regions: 7->7
[2021-03-08T21:44:11.125+0800][1.982s] GC(2) Archive regions: 0->0
[2021-03-08T21:44:11.125+0800][1.982s] GC(2) Humongous regions: 4->4
[2021-03-08T21:44:11.125+0800][1.982s] GC(2) Metaspace: 20895K(21296K)->20895K(21296K) NonClass: 18595K(18864K)->18595K(18864K) Class: 2299K(2432K)->2299K(2432K)
[2021-03-08T21:44:11.125+0800][1.982s] GC(2) Pause Young (Concurrent Start) (Metadata GC Threshold) 73M->23M(512M) 8.920ms
[2021-03-08T21:44:11.125+0800][1.982s] GC(2) User=0.00s Sys=0.00s Real=0.01s
[2021-03-08T21:44:11.125+0800][1.983s] GC(3) Concurrent Cycle
[2021-03-08T21:44:11.125+0800][1.983s] GC(3) Concurrent Clear Claimed Marks
[2021-03-08T21:44:11.125+0800][1.983s] GC(3) Concurrent Clear Claimed Marks 0.026ms
[2021-03-08T21:44:11.125+0800][1.983s] GC(3) Concurrent Scan Root Regions
[2021-03-08T21:44:11.128+0800][1.985s] GC(3) Concurrent Scan Root Regions 2.526ms
[2021-03-08T21:44:11.128+0800][1.985s] GC(3) Concurrent Mark (1.985s)
[2021-03-08T21:44:11.128+0800][1.985s] GC(3) Concurrent Mark From Roots
[2021-03-08T21:44:11.128+0800][1.985s] GC(3) Using 3 workers of 3 for marking
[2021-03-08T21:44:11.132+0800][1.990s] GC(3) Concurrent Mark From Roots 4.352ms
[2021-03-08T21:44:11.132+0800][1.990s] GC(3) Concurrent Preclean
[2021-03-08T21:44:11.133+0800][1.990s] GC(3) Concurrent Preclean 0.088ms
[2021-03-08T21:44:11.133+0800][1.990s] GC(3) Concurrent Mark (1.985s, 1.990s) 4.532ms
[2021-03-08T21:44:11.133+0800][1.990s] GC(3) Pause Remark
[2021-03-08T21:44:11.134+0800][1.991s] GC(3) Pause Remark 24M->24M(512M) 1.006ms
[2021-03-08T21:44:11.134+0800][1.991s] GC(3) User=0.00s Sys=0.00s Real=0.00s
[2021-03-08T21:44:11.134+0800][1.991s] GC(3) Concurrent Rebuild Remembered Sets
[2021-03-08T21:44:11.136+0800][1.994s] GC(3) Concurrent Rebuild Remembered Sets 2.606ms
[2021-03-08T21:44:11.137+0800][1.994s] GC(3) Pause Cleanup
[2021-03-08T21:44:11.137+0800][1.994s] GC(3) Pause Cleanup 25M->25M(512M) 0.106ms
[2021-03-08T21:44:11.137+0800][1.994s] GC(3) User=0.00s Sys=0.00s Real=0.00s
[2021-03-08T21:44:11.137+0800][1.994s] GC(3) Concurrent Cleanup for Next Mark
[2021-03-08T21:44:11.138+0800][1.995s] GC(3) Concurrent Cleanup for Next Mark 0.819ms
[2021-03-08T21:44:11.138+0800][1.995s] GC(3) Concurrent Cycle 12.353ms
[2021-03-08T21:44:12.400+0800][3.257s] GC(4) Pause Young (Concurrent Start) (Metadata GC Threshold)
[2021-03-08T21:44:12.400+0800][3.257s] GC(4) Using 10 workers of 10 for evacuation
[2021-03-08T21:44:12.410+0800][3.267s] GC(4)   Pre Evacuate Collection Set: 0.1ms
[2021-03-08T21:44:12.410+0800][3.267s] GC(4)   Merge Heap Roots: 0.1ms
[2021-03-08T21:44:12.410+0800][3.267s] GC(4)   Evacuate Collection Set: 8.8ms
[2021-03-08T21:44:12.410+0800][3.267s] GC(4)   Post Evacuate Collection Set: 0.8ms
[2021-03-08T21:44:12.410+0800][3.267s] GC(4)   Other: 0.2ms
[2021-03-08T21:44:12.410+0800][3.267s] GC(4) Eden regions: 113->0(286)
[2021-03-08T21:44:12.410+0800][3.267s] GC(4) Survivor regions: 14->21(38)
[2021-03-08T21:44:12.410+0800][3.267s] GC(4) Old regions: 7->7
[2021-03-08T21:44:12.410+0800][3.267s] GC(4) Archive regions: 0->0
[2021-03-08T21:44:12.410+0800][3.267s] GC(4) Humongous regions: 5->4
[2021-03-08T21:44:12.410+0800][3.267s] GC(4) Metaspace: 35449K(35888K)->35449K(35888K) NonClass: 31416K(31664K)->31416K(31664K) Class: 4033K(4224K)->4033K(4224K)
[2021-03-08T21:44:12.410+0800][3.267s] GC(4) Pause Young (Concurrent Start) (Metadata GC Threshold) 137M->30M(512M) 10.136ms
[2021-03-08T21:44:12.410+0800][3.268s] GC(4) User=0.00s Sys=0.00s Real=0.01s
[2021-03-08T21:44:12.410+0800][3.268s] GC(5) Concurrent Cycle
[2021-03-08T21:44:12.410+0800][3.268s] GC(5) Concurrent Clear Claimed Marks
[2021-03-08T21:44:12.410+0800][3.268s] GC(5) Concurrent Clear Claimed Marks 0.026ms
[2021-03-08T21:44:12.410+0800][3.268s] GC(5) Concurrent Scan Root Regions
[2021-03-08T21:44:12.414+0800][3.271s] GC(5) Concurrent Scan Root Regions 3.706ms
[2021-03-08T21:44:12.414+0800][3.271s] GC(5) Concurrent Mark (3.271s)
[2021-03-08T21:44:12.414+0800][3.271s] GC(5) Concurrent Mark From Roots
[2021-03-08T21:44:12.414+0800][3.271s] GC(5) Using 3 workers of 3 for marking
[2021-03-08T21:44:12.420+0800][3.277s] GC(5) Concurrent Mark From Roots 5.500ms
[2021-03-08T21:44:12.420+0800][3.277s] GC(5) Concurrent Preclean
[2021-03-08T21:44:12.420+0800][3.277s] GC(5) Concurrent Preclean 0.087ms
[2021-03-08T21:44:12.420+0800][3.277s] GC(5) Concurrent Mark (3.271s, 3.277s) 5.667ms
[2021-03-08T21:44:12.420+0800][3.277s] GC(5) Pause Remark
[2021-03-08T21:44:12.421+0800][3.278s] GC(5) Pause Remark 32M->32M(512M) 1.294ms
[2021-03-08T21:44:12.421+0800][3.278s] GC(5) User=0.00s Sys=0.00s Real=0.00s
[2021-03-08T21:44:12.421+0800][3.279s] GC(5) Concurrent Rebuild Remembered Sets
[2021-03-08T21:44:12.425+0800][3.282s] GC(5) Concurrent Rebuild Remembered Sets 3.447ms
[2021-03-08T21:44:12.425+0800][3.282s] GC(5) Pause Cleanup
[2021-03-08T21:44:12.425+0800][3.282s] GC(5) Pause Cleanup 33M->33M(512M) 0.129ms
[2021-03-08T21:44:12.425+0800][3.282s] GC(5) User=0.00s Sys=0.00s Real=0.00s
[2021-03-08T21:44:12.425+0800][3.283s] GC(5) Concurrent Cleanup for Next Mark
[2021-03-08T21:44:12.426+0800][3.284s] GC(5) Concurrent Cleanup for Next Mark 1.036ms
[2021-03-08T21:44:12.426+0800][3.284s] GC(5) Concurrent Cycle 16.038ms
[2021-03-08T21:44:35.867+0800][26.723s] GC(6) Pause Young (Normal) (G1 Evacuation Pause)
[2021-03-08T21:44:35.867+0800][26.723s] GC(6) Using 10 workers of 10 for evacuation
[2021-03-08T21:44:35.883+0800][26.739s] GC(6)   Pre Evacuate Collection Set: 0.1ms
[2021-03-08T21:44:35.883+0800][26.739s] GC(6)   Merge Heap Roots: 0.1ms
[2021-03-08T21:44:35.883+0800][26.739s] GC(6)   Evacuate Collection Set: 14.0ms
[2021-03-08T21:44:35.883+0800][26.739s] GC(6)   Post Evacuate Collection Set: 1.5ms
[2021-03-08T21:44:35.883+0800][26.739s] GC(6)   Other: 0.3ms
[2021-03-08T21:44:35.883+0800][26.739s] GC(6) Eden regions: 286->0(272)
[2021-03-08T21:44:35.883+0800][26.739s] GC(6) Survivor regions: 21->35(39)
[2021-03-08T21:44:35.883+0800][26.739s] GC(6) Old regions: 7->7
[2021-03-08T21:44:35.883+0800][26.739s] GC(6) Archive regions: 0->0
[2021-03-08T21:44:35.883+0800][26.739s] GC(6) Humongous regions: 13->7
[2021-03-08T21:44:35.883+0800][26.739s] GC(6) Metaspace: 50756K(51504K)->50756K(51504K) NonClass: 44958K(45488K)->44958K(45488K) Class: 5798K(6016K)->5798K(6016K)
[2021-03-08T21:44:35.883+0800][26.740s] GC(6) Pause Young (Normal) (G1 Evacuation Pause) 325M->48M(512M) 16.122ms
[2021-03-08T21:44:35.883+0800][26.740s] GC(6) User=0.03s Sys=0.00s Real=0.02s
[2021-03-08T21:44:37.050+0800][27.907s] GC(7) Pause Young (Normal) (G1 Evacuation Pause)
[2021-03-08T21:44:37.050+0800][27.907s] GC(7) Using 10 workers of 10 for evacuation
[2021-03-08T21:44:37.067+0800][27.923s] GC(7)   Pre Evacuate Collection Set: 0.1ms
[2021-03-08T21:44:37.067+0800][27.923s] GC(7)   Merge Heap Roots: 0.1ms
[2021-03-08T21:44:37.067+0800][27.923s] GC(7)   Evacuate Collection Set: 15.3ms
[2021-03-08T21:44:37.067+0800][27.923s] GC(7)   Post Evacuate Collection Set: 1.0ms
[2021-03-08T21:44:37.067+0800][27.923s] GC(7)   Other: 0.2ms
[2021-03-08T21:44:37.067+0800][27.923s] GC(7) Eden regions: 272->0(279)
[2021-03-08T21:44:37.067+0800][27.923s] GC(7) Survivor regions: 35->28(39)
[2021-03-08T21:44:37.067+0800][27.923s] GC(7) Old regions: 7->25
[2021-03-08T21:44:37.067+0800][27.923s] GC(7) Archive regions: 0->0
[2021-03-08T21:44:37.067+0800][27.923s] GC(7) Humongous regions: 17->7
[2021-03-08T21:44:37.067+0800][27.923s] GC(7) Metaspace: 50784K(51504K)->50784K(51504K) NonClass: 44986K(45488K)->44986K(45488K) Class: 5798K(6016K)->5798K(6016K)
[2021-03-08T21:44:37.067+0800][27.923s] GC(7) Pause Young (Normal) (G1 Evacuation Pause) 330M->59M(512M) 16.816ms
[2021-03-08T21:44:37.067+0800][27.924s] GC(7) User=0.16s Sys=0.00s Real=0.02s
[2021-03-08T21:48:04.021+0800][234.878s] GC(8) Pause Young (Normal) (G1 Evacuation Pause)
[2021-03-08T21:48:04.021+0800][234.878s] GC(8) Using 10 workers of 10 for evacuation
[2021-03-08T21:48:04.027+0800][234.884s] GC(8)   Pre Evacuate Collection Set: 0.1ms
[2021-03-08T21:48:04.027+0800][234.884s] GC(8)   Merge Heap Roots: 0.1ms
[2021-03-08T21:48:04.027+0800][234.884s] GC(8)   Evacuate Collection Set: 4.3ms
[2021-03-08T21:48:04.027+0800][234.884s] GC(8)   Post Evacuate Collection Set: 0.9ms
[2021-03-08T21:48:04.027+0800][234.884s] GC(8)   Other: 0.2ms
[2021-03-08T21:48:04.027+0800][234.884s] GC(8) Eden regions: 279->0(302)
[2021-03-08T21:48:04.027+0800][234.884s] GC(8) Survivor regions: 28->5(39)
[2021-03-08T21:48:04.027+0800][234.884s] GC(8) Old regions: 25->34
[2021-03-08T21:48:04.027+0800][234.884s] GC(8) Archive regions: 0->0
[2021-03-08T21:48:04.027+0800][234.884s] GC(8) Humongous regions: 19->7
[2021-03-08T21:48:04.027+0800][234.884s] GC(8) Metaspace: 53520K(54320K)->53520K(54320K) NonClass: 47472K(48048K)->47472K(48048K) Class: 6048K(6272K)->6048K(6272K)
[2021-03-08T21:48:04.027+0800][234.884s] GC(8) Pause Young (Normal) (G1 Evacuation Pause) 350M->45M(512M) 5.799ms
[2021-03-08T21:48:04.027+0800][234.884s] GC(8) User=0.02s Sys=0.02s Real=0.01s
[2021-03-08T21:48:16.512+0800][247.368s] GC(9) Pause Young (Normal) (G1 Evacuation Pause)
[2021-03-08T21:48:16.512+0800][247.368s] GC(9) Using 10 workers of 10 for evacuation
[2021-03-08T21:48:16.518+0800][247.375s] GC(9)   Pre Evacuate Collection Set: 0.1ms
[2021-03-08T21:48:16.518+0800][247.375s] GC(9)   Merge Heap Roots: 0.1ms
[2021-03-08T21:48:16.518+0800][247.375s] GC(9)   Evacuate Collection Set: 5.0ms
[2021-03-08T21:48:16.518+0800][247.375s] GC(9)   Post Evacuate Collection Set: 0.8ms
[2021-03-08T21:48:16.518+0800][247.375s] GC(9)   Other: 0.2ms
[2021-03-08T21:48:16.518+0800][247.375s] GC(9) Eden regions: 302->0(293)
[2021-03-08T21:48:16.518+0800][247.375s] GC(9) Survivor regions: 5->14(39)
[2021-03-08T21:48:16.518+0800][247.375s] GC(9) Old regions: 34->34
[2021-03-08T21:48:16.518+0800][247.375s] GC(9) Archive regions: 0->0
[2021-03-08T21:48:16.518+0800][247.375s] GC(9) Humongous regions: 15->7
[2021-03-08T21:48:16.518+0800][247.375s] GC(9) Metaspace: 54001K(54704K)->54001K(54704K) NonClass: 47932K(48304K)->47932K(48304K) Class: 6068K(6400K)->6068K(6400K)
[2021-03-08T21:48:16.518+0800][247.375s] GC(9) Pause Young (Normal) (G1 Evacuation Pause) 355M->53M(512M) 6.494ms
[2021-03-08T21:48:16.519+0800][247.375s] GC(9) User=0.00s Sys=0.00s Real=0.01s
[2021-03-08T21:48:17.933+0800][248.789s] GC(10) Pause Young (Normal) (G1 Evacuation Pause)
[2021-03-08T21:48:17.933+0800][248.789s] GC(10) Using 10 workers of 10 for evacuation
[2021-03-08T21:48:17.939+0800][248.796s] GC(10)   Pre Evacuate Collection Set: 0.1ms
[2021-03-08T21:48:17.939+0800][248.796s] GC(10)   Merge Heap Roots: 0.1ms
[2021-03-08T21:48:17.939+0800][248.796s] GC(10)   Evacuate Collection Set: 5.6ms
[2021-03-08T21:48:17.939+0800][248.796s] GC(10)   Post Evacuate Collection Set: 0.5ms
[2021-03-08T21:48:17.939+0800][248.796s] GC(10)   Other: 0.2ms
[2021-03-08T21:48:17.939+0800][248.796s] GC(10) Eden regions: 293->0(289)
[2021-03-08T21:48:17.939+0800][248.796s] GC(10) Survivor regions: 14->18(39)
[2021-03-08T21:48:17.939+0800][248.796s] GC(10) Old regions: 34->34
[2021-03-08T21:48:17.939+0800][248.796s] GC(10) Archive regions: 0->0
[2021-03-08T21:48:17.939+0800][248.796s] GC(10) Humongous regions: 18->7
[2021-03-08T21:48:17.939+0800][248.796s] GC(10) Metaspace: 54027K(54960K)->54027K(54960K) NonClass: 47958K(48560K)->47958K(48560K) Class: 6068K(6400K)->6068K(6400K)
[2021-03-08T21:48:17.939+0800][248.796s] GC(10) Pause Young (Normal) (G1 Evacuation Pause) 357M->57M(512M) 6.665ms
[2021-03-08T21:48:17.940+0800][248.796s] GC(10) User=0.00s Sys=0.00s Real=0.01s
[2021-03-08T21:49:17.673+0800][308.530s] GC(11) Pause Young (Normal) (G1 Evacuation Pause)
[2021-03-08T21:49:17.673+0800][308.530s] GC(11) Using 10 workers of 10 for evacuation
[2021-03-08T21:49:17.678+0800][308.535s] GC(11)   Pre Evacuate Collection Set: 0.1ms
[2021-03-08T21:49:17.678+0800][308.535s] GC(11)   Merge Heap Roots: 0.1ms
[2021-03-08T21:49:17.678+0800][308.535s] GC(11)   Evacuate Collection Set: 3.5ms
[2021-03-08T21:49:17.678+0800][308.535s] GC(11)   Post Evacuate Collection Set: 0.7ms
[2021-03-08T21:49:17.678+0800][308.535s] GC(11)   Other: 0.2ms
[2021-03-08T21:49:17.678+0800][308.535s] GC(11) Eden regions: 289->0(298)
[2021-03-08T21:49:17.678+0800][308.535s] GC(11) Survivor regions: 18->9(39)
[2021-03-08T21:49:17.678+0800][308.535s] GC(11) Old regions: 34->34
[2021-03-08T21:49:17.678+0800][308.535s] GC(11) Archive regions: 0->0
[2021-03-08T21:49:17.678+0800][308.535s] GC(11) Humongous regions: 16->7
[2021-03-08T21:49:17.678+0800][308.535s] GC(11) Metaspace: 54496K(55216K)->54496K(55216K) NonClass: 48420K(48816K)->48420K(48816K) Class: 6075K(6400K)->6075K(6400K)
[2021-03-08T21:49:17.678+0800][308.535s] GC(11) Pause Young (Normal) (G1 Evacuation Pause) 355M->49M(512M) 4.743ms
[2021-03-08T21:49:17.678+0800][308.535s] GC(11) User=0.02s Sys=0.00s Real=0.00s
[2021-03-08T21:50:08.426+0800][359.283s] GC(12) Pause Young (Normal) (G1 Evacuation Pause)
[2021-03-08T21:50:08.426+0800][359.283s] GC(12) Using 10 workers of 10 for evacuation
[2021-03-08T21:50:08.436+0800][359.292s] GC(12)   Pre Evacuate Collection Set: 0.1ms
[2021-03-08T21:50:08.436+0800][359.292s] GC(12)   Merge Heap Roots: 0.1ms
[2021-03-08T21:50:08.436+0800][359.292s] GC(12)   Evacuate Collection Set: 7.9ms
[2021-03-08T21:50:08.436+0800][359.292s] GC(12)   Post Evacuate Collection Set: 1.0ms
[2021-03-08T21:50:08.436+0800][359.292s] GC(12)   Other: 0.2ms
[2021-03-08T21:50:08.436+0800][359.292s] GC(12) Eden regions: 298->0(286)
[2021-03-08T21:50:08.436+0800][359.292s] GC(12) Survivor regions: 9->21(39)
[2021-03-08T21:50:08.436+0800][359.292s] GC(12) Old regions: 34->34
[2021-03-08T21:50:08.436+0800][359.292s] GC(12) Archive regions: 0->0
[2021-03-08T21:50:08.436+0800][359.292s] GC(12) Humongous regions: 15->7
[2021-03-08T21:50:08.436+0800][359.292s] GC(12) Metaspace: 54716K(55472K)->54716K(55472K) NonClass: 48640K(49072K)->48640K(49072K) Class: 6076K(6400K)->6076K(6400K)
[2021-03-08T21:50:08.436+0800][359.292s] GC(12) Pause Young (Normal) (G1 Evacuation Pause) 355M->60M(512M) 9.493ms
[2021-03-08T21:50:08.436+0800][359.292s] GC(12) User=0.16s Sys=0.00s Real=0.01s
[2021-03-08T21:50:09.531+0800][360.388s] GC(13) Pause Young (Normal) (G1 Evacuation Pause)
[2021-03-08T21:50:09.531+0800][360.388s] GC(13) Using 10 workers of 10 for evacuation
[2021-03-08T21:50:09.542+0800][360.399s] GC(13)   Pre Evacuate Collection Set: 0.1ms
[2021-03-08T21:50:09.542+0800][360.399s] GC(13)   Merge Heap Roots: 0.1ms
[2021-03-08T21:50:09.542+0800][360.399s] GC(13)   Evacuate Collection Set: 9.8ms
[2021-03-08T21:50:09.542+0800][360.399s] GC(13)   Post Evacuate Collection Set: 0.7ms
[2021-03-08T21:50:09.542+0800][360.399s] GC(13)   Other: 0.2ms
[2021-03-08T21:50:09.542+0800][360.399s] GC(13) Eden regions: 286->0(275)
[2021-03-08T21:50:09.542+0800][360.399s] GC(13) Survivor regions: 21->32(39)
[2021-03-08T21:50:09.542+0800][360.399s] GC(13) Old regions: 34->34
[2021-03-08T21:50:09.542+0800][360.399s] GC(13) Archive regions: 0->0
[2021-03-08T21:50:09.542+0800][360.399s] GC(13) Humongous regions: 18->7
[2021-03-08T21:50:09.542+0800][360.399s] GC(13) Metaspace: 54716K(55472K)->54716K(55472K) NonClass: 48640K(49072K)->48640K(49072K) Class: 6076K(6400K)->6076K(6400K)
[2021-03-08T21:50:09.542+0800][360.399s] GC(13) Pause Young (Normal) (G1 Evacuation Pause) 357M->72M(512M) 11.157ms
[2021-03-08T21:50:09.542+0800][360.399s] GC(13) User=0.16s Sys=0.00s Real=0.01s
[2021-03-08T22:24:13.252+0800][2404.108s] GC(14) Pause Young (Normal) (G1 Evacuation Pause)
[2021-03-08T22:24:13.252+0800][2404.108s] GC(14) Using 10 workers of 10 for evacuation
[2021-03-08T22:24:13.263+0800][2404.120s] GC(14)   Pre Evacuate Collection Set: 0.1ms
[2021-03-08T22:24:13.263+0800][2404.120s] GC(14)   Merge Heap Roots: 0.1ms
[2021-03-08T22:24:13.263+0800][2404.120s] GC(14)   Evacuate Collection Set: 9.7ms
[2021-03-08T22:24:13.263+0800][2404.120s] GC(14)   Post Evacuate Collection Set: 1.5ms
[2021-03-08T22:24:13.263+0800][2404.120s] GC(14)   Other: 0.2ms
[2021-03-08T22:24:13.263+0800][2404.120s] GC(14) Eden regions: 275->0(303)
[2021-03-08T22:24:13.263+0800][2404.120s] GC(14) Survivor regions: 32->4(39)
[2021-03-08T22:24:13.263+0800][2404.120s] GC(14) Old regions: 34->45
[2021-03-08T22:24:13.263+0800][2404.120s] GC(14) Archive regions: 0->0
[2021-03-08T22:24:13.263+0800][2404.120s] GC(14) Humongous regions: 19->7
[2021-03-08T22:24:13.263+0800][2404.120s] GC(14) Metaspace: 55456K(56240K)->55456K(56240K) NonClass: 49350K(49840K)->49350K(49840K) Class: 6106K(6400K)->6106K(6400K)
[2021-03-08T22:24:13.263+0800][2404.120s] GC(14) Pause Young (Normal) (G1 Evacuation Pause) 359M->55M(512M) 11.808ms
[2021-03-08T22:24:13.263+0800][2404.120s] GC(14) User=0.12s Sys=0.03s Real=0.01s
