[2021-03-08T17:37:31.804+0800][0.012s] Using G1
[2021-03-08T17:37:31.936+0800][0.144s] Version: 15.0.2+7-27 (release)
[2021-03-08T17:37:31.936+0800][0.144s] CPUs: 12 total, 12 available
[2021-03-08T17:37:31.936+0800][0.144s] Memory: 16335M
[2021-03-08T17:37:31.936+0800][0.144s] Large Page Support: Disabled
[2021-03-08T17:37:31.936+0800][0.144s] NUMA Support: Disabled
[2021-03-08T17:37:31.936+0800][0.144s] Compressed Oops: Enabled (32-bit)
[2021-03-08T17:37:31.936+0800][0.144s] Heap Region Size: 1M
[2021-03-08T17:37:31.936+0800][0.144s] Heap Min Capacity: 512M
[2021-03-08T17:37:31.936+0800][0.144s] Heap Initial Capacity: 512M
[2021-03-08T17:37:31.936+0800][0.144s] Heap Max Capacity: 512M
[2021-03-08T17:37:31.936+0800][0.144s] Pre-touch: Enabled
[2021-03-08T17:37:31.936+0800][0.144s] Parallel Workers: 10
[2021-03-08T17:37:31.936+0800][0.144s] Concurrent Workers: 3
[2021-03-08T17:37:31.936+0800][0.144s] Concurrent Refinement Workers: 10
[2021-03-08T17:37:31.936+0800][0.144s] Periodic GC: Disabled
[2021-03-08T17:37:31.937+0800][0.145s] CDS archive(s) mapped at: [0x0000000800000000-0x0000000800b50000-0x0000000800b50000), size 11862016, SharedBaseAddress: 0x0000000800000000, ArchiveRelocationMode: 0.
[2021-03-08T17:37:31.937+0800][0.145s] Compressed class space mapped at: 0x0000000800b50000-0x0000000840b50000, size: 1073741824
[2021-03-08T17:37:31.937+0800][0.145s] Narrow klass base: 0x0000000800000000, Narrow klass shift: 3, Narrow klass range: 0x100000000
[2021-03-08T17:37:32.558+0800][0.766s] GC(0) Pause Young (Normal) (G1 Evacuation Pause)
[2021-03-08T17:37:32.558+0800][0.766s] GC(0) Using 10 workers of 10 for evacuation
[2021-03-08T17:37:32.562+0800][0.770s] GC(0)   Pre Evacuate Collection Set: 0.1ms
[2021-03-08T17:37:32.562+0800][0.770s] GC(0)   Merge Heap Roots: 0.0ms
[2021-03-08T17:37:32.562+0800][0.770s] GC(0)   Evacuate Collection Set: 3.3ms
[2021-03-08T17:37:32.562+0800][0.770s] GC(0)   Post Evacuate Collection Set: 0.5ms
[2021-03-08T17:37:32.563+0800][0.770s] GC(0)   Other: 0.7ms
[2021-03-08T17:37:32.563+0800][0.771s] GC(0) Eden regions: 29->0(42)
[2021-03-08T17:37:32.563+0800][0.771s] GC(0) Survivor regions: 0->4(4)
[2021-03-08T17:37:32.563+0800][0.771s] GC(0) Old regions: 0->0
[2021-03-08T17:37:32.563+0800][0.771s] GC(0) Archive regions: 0->0
[2021-03-08T17:37:32.563+0800][0.771s] GC(0) Humongous regions: 0->0
[2021-03-08T17:37:32.563+0800][0.771s] GC(0) Metaspace: 6792K(7808K)->6792K(7808K) NonClass: 6014K(6912K)->6014K(6912K) Class: 777K(896K)->777K(896K)
[2021-03-08T17:37:32.563+0800][0.771s] GC(0) Pause Young (Normal) (G1 Evacuation Pause) 29M->3M(512M) 4.802ms
[2021-03-08T17:37:32.563+0800][0.771s] GC(0) User=0.00s Sys=0.00s Real=0.00s
[2021-03-08T17:37:33.020+0800][1.228s] GC(1) Pause Young (Normal) (G1 Evacuation Pause)
[2021-03-08T17:37:33.020+0800][1.228s] GC(1) Using 10 workers of 10 for evacuation
[2021-03-08T17:37:33.030+0800][1.238s] GC(1)   Pre Evacuate Collection Set: 0.1ms
[2021-03-08T17:37:33.030+0800][1.238s] GC(1)   Merge Heap Roots: 0.0ms
[2021-03-08T17:37:33.030+0800][1.238s] GC(1)   Evacuate Collection Set: 8.8ms
[2021-03-08T17:37:33.030+0800][1.238s] GC(1)   Post Evacuate Collection Set: 0.9ms
[2021-03-08T17:37:33.030+0800][1.238s] GC(1)   Other: 0.2ms
[2021-03-08T17:37:33.030+0800][1.238s] GC(1) Eden regions: 42->0(301)
[2021-03-08T17:37:33.030+0800][1.238s] GC(1) Survivor regions: 4->6(6)
[2021-03-08T17:37:33.030+0800][1.238s] GC(1) Old regions: 0->7
[2021-03-08T17:37:33.030+0800][1.238s] GC(1) Archive regions: 0->0
[2021-03-08T17:37:33.030+0800][1.238s] GC(1) Humongous regions: 4->4
[2021-03-08T17:37:33.030+0800][1.238s] GC(1) Metaspace: 14478K(14848K)->14478K(14848K) NonClass: 12820K(13056K)->12820K(13056K) Class: 1658K(1792K)->1658K(1792K)
[2021-03-08T17:37:33.030+0800][1.238s] GC(1) Pause Young (Normal) (G1 Evacuation Pause) 49M->16M(512M) 10.227ms
[2021-03-08T17:37:33.030+0800][1.238s] GC(1) User=0.14s Sys=0.00s Real=0.01s
[2021-03-08T17:37:33.877+0800][2.085s] GC(2) Pause Young (Concurrent Start) (Metadata GC Threshold)
[2021-03-08T17:37:33.877+0800][2.085s] GC(2) Using 10 workers of 10 for evacuation
[2021-03-08T17:37:33.885+0800][2.093s] GC(2)   Pre Evacuate Collection Set: 0.1ms
[2021-03-08T17:37:33.885+0800][2.093s] GC(2)   Merge Heap Roots: 0.1ms
[2021-03-08T17:37:33.885+0800][2.093s] GC(2)   Evacuate Collection Set: 6.6ms
[2021-03-08T17:37:33.885+0800][2.093s] GC(2)   Post Evacuate Collection Set: 0.7ms
[2021-03-08T17:37:33.885+0800][2.093s] GC(2)   Other: 0.3ms
[2021-03-08T17:37:33.885+0800][2.093s] GC(2) Eden regions: 57->0(279)
[2021-03-08T17:37:33.885+0800][2.093s] GC(2) Survivor regions: 6->14(39)
[2021-03-08T17:37:33.885+0800][2.093s] GC(2) Old regions: 7->7
[2021-03-08T17:37:33.885+0800][2.093s] GC(2) Archive regions: 0->0
[2021-03-08T17:37:33.885+0800][2.093s] GC(2) Humongous regions: 4->4
[2021-03-08T17:37:33.885+0800][2.093s] GC(2) Metaspace: 20870K(21296K)->20870K(21296K) NonClass: 18574K(18864K)->18574K(18864K) Class: 2295K(2432K)->2295K(2432K)
[2021-03-08T17:37:33.885+0800][2.093s] GC(2) Pause Young (Concurrent Start) (Metadata GC Threshold) 73M->23M(512M) 7.873ms
[2021-03-08T17:37:33.885+0800][2.093s] GC(2) User=0.16s Sys=0.00s Real=0.01s
[2021-03-08T17:37:33.885+0800][2.093s] GC(3) Concurrent Cycle
[2021-03-08T17:37:33.885+0800][2.093s] GC(3) Concurrent Clear Claimed Marks
[2021-03-08T17:37:33.885+0800][2.093s] GC(3) Concurrent Clear Claimed Marks 0.023ms
[2021-03-08T17:37:33.885+0800][2.093s] GC(3) Concurrent Scan Root Regions
[2021-03-08T17:37:33.888+0800][2.096s] GC(3) Concurrent Scan Root Regions 2.581ms
[2021-03-08T17:37:33.888+0800][2.096s] GC(3) Concurrent Mark (2.096s)
[2021-03-08T17:37:33.888+0800][2.096s] GC(3) Concurrent Mark From Roots
[2021-03-08T17:37:33.888+0800][2.096s] GC(3) Using 3 workers of 3 for marking
[2021-03-08T17:37:33.893+0800][2.101s] GC(3) Concurrent Mark From Roots 5.233ms
[2021-03-08T17:37:33.893+0800][2.101s] GC(3) Concurrent Preclean
[2021-03-08T17:37:33.893+0800][2.101s] GC(3) Concurrent Preclean 0.085ms
[2021-03-08T17:37:33.893+0800][2.101s] GC(3) Concurrent Mark (2.096s, 2.101s) 5.388ms
[2021-03-08T17:37:33.893+0800][2.101s] GC(3) Pause Remark
[2021-03-08T17:37:33.894+0800][2.102s] GC(3) Pause Remark 25M->25M(512M) 1.087ms
[2021-03-08T17:37:33.894+0800][2.102s] GC(3) User=0.00s Sys=0.00s Real=0.00s
[2021-03-08T17:37:33.894+0800][2.102s] GC(3) Concurrent Rebuild Remembered Sets
[2021-03-08T17:37:33.897+0800][2.105s] GC(3) Concurrent Rebuild Remembered Sets 2.902ms
[2021-03-08T17:37:33.898+0800][2.106s] GC(3) Pause Cleanup
[2021-03-08T17:37:33.898+0800][2.106s] GC(3) Pause Cleanup 25M->25M(512M) 0.128ms
[2021-03-08T17:37:33.898+0800][2.106s] GC(3) User=0.00s Sys=0.00s Real=0.00s
[2021-03-08T17:37:33.898+0800][2.106s] GC(3) Concurrent Cleanup for Next Mark
[2021-03-08T17:37:33.899+0800][2.107s] GC(3) Concurrent Cleanup for Next Mark 0.915ms
[2021-03-08T17:37:33.899+0800][2.107s] GC(3) Concurrent Cycle 13.750ms
[2021-03-08T17:39:40.636+0800][128.844s] GC(4) Pause Young (Concurrent Start) (Metadata GC Threshold)
[2021-03-08T17:39:40.636+0800][128.844s] GC(4) Using 10 workers of 10 for evacuation
[2021-03-08T17:39:40.644+0800][128.853s] GC(4)   Pre Evacuate Collection Set: 0.1ms
[2021-03-08T17:39:40.644+0800][128.853s] GC(4)   Merge Heap Roots: 0.1ms
[2021-03-08T17:39:40.644+0800][128.853s] GC(4)   Evacuate Collection Set: 7.2ms
[2021-03-08T17:39:40.645+0800][128.853s] GC(4)   Post Evacuate Collection Set: 0.8ms
[2021-03-08T17:39:40.645+0800][128.853s] GC(4)   Other: 0.2ms
[2021-03-08T17:39:40.645+0800][128.853s] GC(4) Eden regions: 96->0(287)
[2021-03-08T17:39:40.645+0800][128.853s] GC(4) Survivor regions: 14->20(39)
[2021-03-08T17:39:40.645+0800][128.853s] GC(4) Old regions: 7->7
[2021-03-08T17:39:40.645+0800][128.853s] GC(4) Archive regions: 0->0
[2021-03-08T17:39:40.645+0800][128.853s] GC(4) Humongous regions: 4->4
[2021-03-08T17:39:40.645+0800][128.853s] GC(4) Metaspace: 35347K(35888K)->35347K(35888K) NonClass: 31379K(31664K)->31379K(31664K) Class: 3967K(4224K)->3967K(4224K)
[2021-03-08T17:39:40.645+0800][128.853s] GC(4) Pause Young (Concurrent Start) (Metadata GC Threshold) 119M->29M(512M) 8.619ms
[2021-03-08T17:39:40.645+0800][128.853s] GC(4) User=0.00s Sys=0.00s Real=0.01s
[2021-03-08T17:39:40.645+0800][128.853s] GC(5) Concurrent Cycle
[2021-03-08T17:39:40.645+0800][128.853s] GC(5) Concurrent Clear Claimed Marks
[2021-03-08T17:39:40.645+0800][128.853s] GC(5) Concurrent Clear Claimed Marks 0.027ms
[2021-03-08T17:39:40.645+0800][128.853s] GC(5) Concurrent Scan Root Regions
[2021-03-08T17:39:40.648+0800][128.856s] GC(5) Concurrent Scan Root Regions 3.196ms
[2021-03-08T17:39:40.648+0800][128.856s] GC(5) Concurrent Mark (128.856s)
[2021-03-08T17:39:40.648+0800][128.856s] GC(5) Concurrent Mark From Roots
[2021-03-08T17:39:40.648+0800][128.856s] GC(5) Using 3 workers of 3 for marking
[2021-03-08T17:39:40.652+0800][128.860s] GC(5) Concurrent Mark From Roots 4.016ms
[2021-03-08T17:39:40.652+0800][128.861s] GC(5) Concurrent Preclean
[2021-03-08T17:39:40.652+0800][128.861s] GC(5) Concurrent Preclean 0.083ms
[2021-03-08T17:39:40.652+0800][128.861s] GC(5) Concurrent Mark (128.856s, 128.861s) 4.169ms
[2021-03-08T17:39:40.652+0800][128.861s] GC(5) Pause Remark
[2021-03-08T17:39:40.654+0800][128.862s] GC(5) Pause Remark 31M->31M(512M) 1.389ms
[2021-03-08T17:39:40.654+0800][128.862s] GC(5) User=0.00s Sys=0.00s Real=0.00s
[2021-03-08T17:39:40.654+0800][128.862s] GC(5) Concurrent Rebuild Remembered Sets
[2021-03-08T17:39:40.656+0800][128.865s] GC(5) Concurrent Rebuild Remembered Sets 2.352ms
[2021-03-08T17:39:40.656+0800][128.865s] GC(5) Pause Cleanup
[2021-03-08T17:39:40.657+0800][128.865s] GC(5) Pause Cleanup 31M->31M(512M) 0.179ms
[2021-03-08T17:39:40.657+0800][128.865s] GC(5) User=0.00s Sys=0.00s Real=0.00s
[2021-03-08T17:39:40.657+0800][128.865s] GC(5) Concurrent Cleanup for Next Mark
[2021-03-08T17:39:40.657+0800][128.866s] GC(5) Concurrent Cleanup for Next Mark 0.659ms
[2021-03-08T17:39:40.657+0800][128.866s] GC(5) Concurrent Cycle 12.606ms
